Argument 1 is: testcases/scene20_moving.txt
Argument 2 is: output/scene20.bmp
